// Jest Snapshot v1, https://goo.gl/fbAQLP

exports[`RelativeTimeValue should match snapshot 1`] = `
<div
  data-testid="test-container"
>
  <time
    datetime="2020-01-01T00:00:00.000Z"
  >
    now
  </time>
  <time
    datetime="2019-12-31T23:59:59.000Z"
  >
    1 second ago
  </time>
  <time
    datetime="2019-12-31T23:59:58.000Z"
  >
    2 seconds ago
  </time>
  <time
    datetime="2019-12-31T23:59:00.000Z"
  >
    1 minute ago
  </time>
  <time
    datetime="2019-12-31T23:58:00.000Z"
  >
    2 minutes ago
  </time>
  <time
    datetime="2019-12-31T23:00:00.000Z"
  >
    1 hour ago
  </time>
  <time
    datetime="2019-12-31T22:00:00.000Z"
  >
    2 hours ago
  </time>
  <time
    datetime="2019-12-31T00:00:00.000Z"
  >
    yesterday
  </time>
  <time
    datetime="2019-12-30T00:00:00.000Z"
  >
    2 days ago
  </time>
  <time
    datetime="2019-12-25T00:00:00.000Z"
  >
    last week
  </time>
  <time
    datetime="2019-12-18T00:00:00.000Z"
  >
    2 weeks ago
  </time>
  <time
    datetime="2019-12-02T00:00:00.000Z"
  >
    last month
  </time>
  <time
    datetime="2019-11-02T00:00:00.000Z"
  >
    2 months ago
  </time>
  <time
    datetime="2019-01-01T00:00:00.000Z"
  >
    last year
  </time>
  <time
    datetime="2018-01-01T00:00:00.000Z"
  >
    2 years ago
  </time>
  <time
    datetime="2020-01-01T00:00:01.000Z"
  >
    in 1 second
  </time>
  <time
    datetime="2020-01-01T00:00:02.000Z"
  >
    in 2 seconds
  </time>
  <time
    datetime="2020-01-01T00:01:00.000Z"
  >
    in 1 minute
  </time>
  <time
    datetime="2020-01-01T00:02:00.000Z"
  >
    in 2 minutes
  </time>
  <time
    datetime="2020-01-01T01:00:00.000Z"
  >
    in 1 hour
  </time>
  <time
    datetime="2020-01-01T02:00:00.000Z"
  >
    in 2 hours
  </time>
  <time
    datetime="2020-01-02T00:00:00.000Z"
  >
    tomorrow
  </time>
  <time
    datetime="2020-01-03T00:00:00.000Z"
  >
    in 2 days
  </time>
  <time
    datetime="2020-01-08T00:00:00.000Z"
  >
    next week
  </time>
  <time
    datetime="2020-01-15T00:00:00.000Z"
  >
    in 2 weeks
  </time>
  <time
    datetime="2020-01-31T00:00:00.000Z"
  >
    next month
  </time>
  <time
    datetime="2020-03-01T00:00:00.000Z"
  >
    in 2 months
  </time>
  <time
    datetime="2020-12-31T00:00:00.000Z"
  >
    next year
  </time>
  <time
    datetime="2021-12-31T00:00:00.000Z"
  >
    in 2 years
  </time>
</div>
`;
